// Jest Snapshot v1, https://goo.gl/fbAQLP

exports[`ToolbarPrettierBtn snapshot 1`] = `
<a
  className="toolbar-button"
  onClick={[Function]}
  onMouseDown={[Function]}
  title="Prettier"
>
  Prettier
</a>
`;
